// Jest Snapshot v1, https://goo.gl/fbAQLP

exports[`News snapshot test 1`] = `ShallowWrapper {}`;
